Partition Merge report for GY521
Sat Apr 13 15:17:32 2019
Quartus II 64-Bit Version 13.1.0 Build 162 10/23/2013 SJ Full Version


---------------------
; Table of Contents ;
---------------------
  1. Legal Notice
  2. Partition Merge Summary
  3. Partition Merge Netlist Types Used
  4. Connections to In-System Debugging Instance "auto_signaltap_0"
  5. Partition Merge Partition Statistics
  6. Partition Merge Partition Pin Processing
  7. Partition Merge Resource Usage Summary
  8. Partition Merge RAM Summary
  9. Partition Merge Messages



----------------
; Legal Notice ;
----------------
Copyright (C) 1991-2013 Altera Corporation
Your use of Altera Corporation's design tools, logic functions 
and other software and tools, and its AMPP partner logic 
functions, and any output files from any of the foregoing 
(including device programming or simulation files), and any 
associated documentation or information are expressly subject 
to the terms and conditions of the Altera Program License 
Subscription Agreement, Altera MegaCore Function License 
Agreement, or other applicable license agreement, including, 
without limitation, that your use is for the sole purpose of 
programming logic devices manufactured by Altera and sold by 
Altera or its authorized distributors.  Please refer to the 
applicable agreement for further details.



+----------------------------------------------------------------------------------+
; Partition Merge Summary                                                          ;
+------------------------------------+---------------------------------------------+
; Partition Merge Status             ; Successful - Sat Apr 13 15:17:32 2019       ;
; Quartus II 64-Bit Version          ; 13.1.0 Build 162 10/23/2013 SJ Full Version ;
; Revision Name                      ; GY521                                       ;
; Top-level Entity Name              ; GY521                                       ;
; Family                             ; Cyclone IV E                                ;
; Total logic elements               ; 1,160                                       ;
;     Total combinational functions  ; 766                                         ;
;     Dedicated logic registers      ; 847                                         ;
; Total registers                    ; 847                                         ;
; Total pins                         ; 6                                           ;
; Total virtual pins                 ; 0                                           ;
; Total memory bits                  ; 180,224                                     ;
; Embedded Multiplier 9-bit elements ; 0                                           ;
; Total PLLs                         ; 0                                           ;
+------------------------------------+---------------------------------------------+


+-------------------------------------------------------------------------------------------------------------------------------+
; Partition Merge Netlist Types Used                                                                                            ;
+--------------------------------+----------------+-------------------+------------------------+--------------------------------+
; Partition Name                 ; Partition Type ; Netlist Type Used ; Netlist Type Requested ; Partition Contents             ;
+--------------------------------+----------------+-------------------+------------------------+--------------------------------+
; Top                            ; User-created   ; Source File       ; Post-Fit               ;                                ;
; sld_hub:auto_hub               ; Auto-generated ; Post-Synthesis    ; Post-Synthesis         ; sld_hub:auto_hub               ;
; sld_signaltap:auto_signaltap_0 ; Auto-generated ; Post-Synthesis    ; Post-Synthesis         ; sld_signaltap:auto_signaltap_0 ;
; hard_block:auto_generated_inst ; Auto-generated ; Source File       ; Source File            ; hard_block:auto_generated_inst ;
+--------------------------------+----------------+-------------------+------------------------+--------------------------------+


+-------------------------------------------------------------------------------------------------------------------------------------------------------------------------------------------------------------------------------------------------------------------------------------------------+
; Connections to In-System Debugging Instance "auto_signaltap_0"                                                                                                                                                                                                                                  ;
+------------------------------+---------------+-----------+----------------+-------------------+--------------------------------+----------------------------------------------------------------------------------------------------------------------------------------------------------------+
; Name                         ; Type          ; Status    ; Partition Name ; Netlist Type Used ; Actual Connection              ; Details                                                                                                                                                        ;
+------------------------------+---------------+-----------+----------------+-------------------+--------------------------------+----------------------------------------------------------------------------------------------------------------------------------------------------------------+
; mpu6050:inst6|ACC_XH_READ[0] ; pre-synthesis ; missing   ; Top            ; post-synthesis    ; GND                            ; The name does not exist in your design or refers to an invalid hierarchy or bus element.  You may have modified your design after creating the debug instance. ;
; mpu6050:inst6|ACC_XH_READ[0] ; pre-synthesis ; missing   ; Top            ; post-synthesis    ; GND                            ; The name does not exist in your design or refers to an invalid hierarchy or bus element.  You may have modified your design after creating the debug instance. ;
; mpu6050:inst6|ACC_XH_READ[1] ; pre-synthesis ; missing   ; Top            ; post-synthesis    ; GND                            ; The name does not exist in your design or refers to an invalid hierarchy or bus element.  You may have modified your design after creating the debug instance. ;
; mpu6050:inst6|ACC_XH_READ[1] ; pre-synthesis ; missing   ; Top            ; post-synthesis    ; GND                            ; The name does not exist in your design or refers to an invalid hierarchy or bus element.  You may have modified your design after creating the debug instance. ;
; mpu6050:inst6|ACC_XH_READ[2] ; pre-synthesis ; missing   ; Top            ; post-synthesis    ; GND                            ; The name does not exist in your design or refers to an invalid hierarchy or bus element.  You may have modified your design after creating the debug instance. ;
; mpu6050:inst6|ACC_XH_READ[2] ; pre-synthesis ; missing   ; Top            ; post-synthesis    ; GND                            ; The name does not exist in your design or refers to an invalid hierarchy or bus element.  You may have modified your design after creating the debug instance. ;
; mpu6050:inst6|ACC_XH_READ[3] ; pre-synthesis ; missing   ; Top            ; post-synthesis    ; GND                            ; The name does not exist in your design or refers to an invalid hierarchy or bus element.  You may have modified your design after creating the debug instance. ;
; mpu6050:inst6|ACC_XH_READ[3] ; pre-synthesis ; missing   ; Top            ; post-synthesis    ; GND                            ; The name does not exist in your design or refers to an invalid hierarchy or bus element.  You may have modified your design after creating the debug instance. ;
; mpu6050:inst6|ACC_XH_READ[4] ; pre-synthesis ; missing   ; Top            ; post-synthesis    ; GND                            ; The name does not exist in your design or refers to an invalid hierarchy or bus element.  You may have modified your design after creating the debug instance. ;
; mpu6050:inst6|ACC_XH_READ[4] ; pre-synthesis ; missing   ; Top            ; post-synthesis    ; GND                            ; The name does not exist in your design or refers to an invalid hierarchy or bus element.  You may have modified your design after creating the debug instance. ;
; mpu6050:inst6|ACC_XH_READ[5] ; pre-synthesis ; missing   ; Top            ; post-synthesis    ; GND                            ; The name does not exist in your design or refers to an invalid hierarchy or bus element.  You may have modified your design after creating the debug instance. ;
; mpu6050:inst6|ACC_XH_READ[5] ; pre-synthesis ; missing   ; Top            ; post-synthesis    ; GND                            ; The name does not exist in your design or refers to an invalid hierarchy or bus element.  You may have modified your design after creating the debug instance. ;
; mpu6050:inst6|ACC_XH_READ[6] ; pre-synthesis ; missing   ; Top            ; post-synthesis    ; GND                            ; The name does not exist in your design or refers to an invalid hierarchy or bus element.  You may have modified your design after creating the debug instance. ;
; mpu6050:inst6|ACC_XH_READ[6] ; pre-synthesis ; missing   ; Top            ; post-synthesis    ; GND                            ; The name does not exist in your design or refers to an invalid hierarchy or bus element.  You may have modified your design after creating the debug instance. ;
; mpu6050:inst6|ACC_XH_READ[7] ; pre-synthesis ; missing   ; Top            ; post-synthesis    ; GND                            ; The name does not exist in your design or refers to an invalid hierarchy or bus element.  You may have modified your design after creating the debug instance. ;
; mpu6050:inst6|ACC_XH_READ[7] ; pre-synthesis ; missing   ; Top            ; post-synthesis    ; GND                            ; The name does not exist in your design or refers to an invalid hierarchy or bus element.  You may have modified your design after creating the debug instance. ;
; mpu6050:inst6|ACC_XL_READ[0] ; pre-synthesis ; missing   ; Top            ; post-synthesis    ; GND                            ; The name does not exist in your design or refers to an invalid hierarchy or bus element.  You may have modified your design after creating the debug instance. ;
; mpu6050:inst6|ACC_XL_READ[0] ; pre-synthesis ; missing   ; Top            ; post-synthesis    ; GND                            ; The name does not exist in your design or refers to an invalid hierarchy or bus element.  You may have modified your design after creating the debug instance. ;
; mpu6050:inst6|ACC_XL_READ[1] ; pre-synthesis ; missing   ; Top            ; post-synthesis    ; GND                            ; The name does not exist in your design or refers to an invalid hierarchy or bus element.  You may have modified your design after creating the debug instance. ;
; mpu6050:inst6|ACC_XL_READ[1] ; pre-synthesis ; missing   ; Top            ; post-synthesis    ; GND                            ; The name does not exist in your design or refers to an invalid hierarchy or bus element.  You may have modified your design after creating the debug instance. ;
; mpu6050:inst6|ACC_XL_READ[2] ; pre-synthesis ; missing   ; Top            ; post-synthesis    ; GND                            ; The name does not exist in your design or refers to an invalid hierarchy or bus element.  You may have modified your design after creating the debug instance. ;
; mpu6050:inst6|ACC_XL_READ[2] ; pre-synthesis ; missing   ; Top            ; post-synthesis    ; GND                            ; The name does not exist in your design or refers to an invalid hierarchy or bus element.  You may have modified your design after creating the debug instance. ;
; mpu6050:inst6|ACC_XL_READ[3] ; pre-synthesis ; missing   ; Top            ; post-synthesis    ; GND                            ; The name does not exist in your design or refers to an invalid hierarchy or bus element.  You may have modified your design after creating the debug instance. ;
; mpu6050:inst6|ACC_XL_READ[3] ; pre-synthesis ; missing   ; Top            ; post-synthesis    ; GND                            ; The name does not exist in your design or refers to an invalid hierarchy or bus element.  You may have modified your design after creating the debug instance. ;
; mpu6050:inst6|ACC_XL_READ[4] ; pre-synthesis ; missing   ; Top            ; post-synthesis    ; GND                            ; The name does not exist in your design or refers to an invalid hierarchy or bus element.  You may have modified your design after creating the debug instance. ;
; mpu6050:inst6|ACC_XL_READ[4] ; pre-synthesis ; missing   ; Top            ; post-synthesis    ; GND                            ; The name does not exist in your design or refers to an invalid hierarchy or bus element.  You may have modified your design after creating the debug instance. ;
; mpu6050:inst6|ACC_XL_READ[5] ; pre-synthesis ; missing   ; Top            ; post-synthesis    ; GND                            ; The name does not exist in your design or refers to an invalid hierarchy or bus element.  You may have modified your design after creating the debug instance. ;
; mpu6050:inst6|ACC_XL_READ[5] ; pre-synthesis ; missing   ; Top            ; post-synthesis    ; GND                            ; The name does not exist in your design or refers to an invalid hierarchy or bus element.  You may have modified your design after creating the debug instance. ;
; mpu6050:inst6|ACC_XL_READ[6] ; pre-synthesis ; missing   ; Top            ; post-synthesis    ; GND                            ; The name does not exist in your design or refers to an invalid hierarchy or bus element.  You may have modified your design after creating the debug instance. ;
; mpu6050:inst6|ACC_XL_READ[6] ; pre-synthesis ; missing   ; Top            ; post-synthesis    ; GND                            ; The name does not exist in your design or refers to an invalid hierarchy or bus element.  You may have modified your design after creating the debug instance. ;
; mpu6050:inst6|ACC_XL_READ[7] ; pre-synthesis ; missing   ; Top            ; post-synthesis    ; GND                            ; The name does not exist in your design or refers to an invalid hierarchy or bus element.  You may have modified your design after creating the debug instance. ;
; mpu6050:inst6|ACC_XL_READ[7] ; pre-synthesis ; missing   ; Top            ; post-synthesis    ; GND                            ; The name does not exist in your design or refers to an invalid hierarchy or bus element.  You may have modified your design after creating the debug instance. ;
; ch                           ; post-fitting  ; missing   ; Top            ; post-synthesis    ; GND                            ; A newer post-synthesis netlist was used.  Recompile again after fitting to succesfully tap the signal.                                                         ;
; ch                           ; post-fitting  ; missing   ; Top            ; post-synthesis    ; GND                            ; A newer post-synthesis netlist was used.  Recompile again after fitting to succesfully tap the signal.                                                         ;
; clk                          ; post-fitting  ; connected ; Top            ; post-synthesis    ; clk                            ; N/A                                                                                                                                                            ;
; done                         ; post-fitting  ; missing   ; Top            ; post-synthesis    ; GND                            ; A newer post-synthesis netlist was used.  Recompile again after fitting to succesfully tap the signal.                                                         ;
; done                         ; post-fitting  ; missing   ; Top            ; post-synthesis    ; GND                            ; A newer post-synthesis netlist was used.  Recompile again after fitting to succesfully tap the signal.                                                         ;
; rst                          ; post-fitting  ; connected ; Top            ; post-synthesis    ; rst                            ; N/A                                                                                                                                                            ;
; rst                          ; post-fitting  ; connected ; Top            ; post-synthesis    ; rst                            ; N/A                                                                                                                                                            ;
; scl                          ; post-fitting  ; connected ; Top            ; post-synthesis    ; mpu6050:inst2|scl_r            ; N/A                                                                                                                                                            ;
; scl                          ; post-fitting  ; connected ; Top            ; post-synthesis    ; mpu6050:inst2|scl_r            ; N/A                                                                                                                                                            ;
; sda                          ; post-fitting  ; connected ; Top            ; post-synthesis    ; sda                            ; N/A                                                                                                                                                            ;
; sda                          ; post-fitting  ; connected ; Top            ; post-synthesis    ; sda                            ; N/A                                                                                                                                                            ;
; tx                           ; post-fitting  ; connected ; Top            ; post-synthesis    ; uart_tx:inst4|tx_reg~_wirecell ; N/A                                                                                                                                                            ;
; tx                           ; post-fitting  ; connected ; Top            ; post-synthesis    ; uart_tx:inst4|tx_reg~_wirecell ; N/A                                                                                                                                                            ;
+------------------------------+---------------+-----------+----------------+-------------------+--------------------------------+----------------------------------------------------------------------------------------------------------------------------------------------------------------+


+-----------------------------------------------------------------------------------------------------------------------------------------+
; Partition Merge Partition Statistics                                                                                                    ;
+---------------------------------------------+------+------------------+--------------------------------+--------------------------------+
; Statistic                                   ; Top  ; sld_hub:auto_hub ; sld_signaltap:auto_signaltap_0 ; hard_block:auto_generated_inst ;
+---------------------------------------------+------+------------------+--------------------------------+--------------------------------+
; Estimated Total logic elements              ; 217  ; 149              ; 797                            ; 0                              ;
;                                             ;      ;                  ;                                ;                                ;
; Total combinational functions               ; 209  ; 123              ; 434                            ; 0                              ;
; Logic element usage by number of LUT inputs ;      ;                  ;                                ;                                ;
;     -- 4 input functions                    ; 108  ; 52               ; 176                            ; 0                              ;
;     -- 3 input functions                    ; 25   ; 33               ; 132                            ; 0                              ;
;     -- <=2 input functions                  ; 76   ; 38               ; 126                            ; 0                              ;
;                                             ;      ;                  ;                                ;                                ;
; Logic elements by mode                      ;      ;                  ;                                ;                                ;
;     -- normal mode                          ; 164  ; 115              ; 343                            ; 0                              ;
;     -- arithmetic mode                      ; 45   ; 8                ; 91                             ; 0                              ;
;                                             ;      ;                  ;                                ;                                ;
; Total registers                             ; 106  ; 90               ; 651                            ; 0                              ;
;     -- Dedicated logic registers            ; 106  ; 90               ; 651                            ; 0                              ;
;     -- I/O registers                        ; 0    ; 0                ; 0                              ; 0                              ;
;                                             ;      ;                  ;                                ;                                ;
; Virtual pins                                ; 0    ; 0                ; 0                              ; 0                              ;
; I/O pins                                    ; 6    ; 0                ; 0                              ; 0                              ;
; Embedded Multiplier 9-bit elements          ; 0    ; 0                ; 0                              ; 0                              ;
; Total memory bits                           ; 0    ; 0                ; 180224                         ; 0                              ;
; Total RAM block bits                        ; 0    ; 0                ; 0                              ; 0                              ;
; JTAG                                        ; 1    ; 0                ; 0                              ; 0                              ;
;                                             ;      ;                  ;                                ;                                ;
; Connections                                 ;      ;                  ;                                ;                                ;
;     -- Input Connections                    ; 2    ; 133              ; 910                            ; 0                              ;
;     -- Registered Input Connections         ; 0    ; 101              ; 726                            ; 0                              ;
;     -- Output Connections                   ; 868  ; 176              ; 1                              ; 0                              ;
;     -- Registered Output Connections        ; 2    ; 175              ; 0                              ; 0                              ;
;                                             ;      ;                  ;                                ;                                ;
; Internal Connections                        ;      ;                  ;                                ;                                ;
;     -- Total Connections                    ; 1899 ; 848              ; 4080                           ; 0                              ;
;     -- Registered Connections               ; 450  ; 620              ; 2664                           ; 0                              ;
;                                             ;      ;                  ;                                ;                                ;
; External Connections                        ;      ;                  ;                                ;                                ;
;     -- Top                                  ; 2    ; 123              ; 745                            ; 0                              ;
;     -- sld_hub:auto_hub                     ; 123  ; 20               ; 166                            ; 0                              ;
;     -- sld_signaltap:auto_signaltap_0       ; 745  ; 166              ; 0                              ; 0                              ;
;     -- hard_block:auto_generated_inst       ; 0    ; 0                ; 0                              ; 0                              ;
;                                             ;      ;                  ;                                ;                                ;
; Partition Interface                         ;      ;                  ;                                ;                                ;
;     -- Input Ports                          ; 5    ; 21               ; 103                            ; 0                              ;
;     -- Output Ports                         ; 4    ; 39               ; 56                             ; 0                              ;
;     -- Bidir Ports                          ; 1    ; 0                ; 0                              ; 0                              ;
;                                             ;      ;                  ;                                ;                                ;
; Registered Ports                            ;      ;                  ;                                ;                                ;
;     -- Registered Input Ports               ; 0    ; 4                ; 49                             ; 0                              ;
;     -- Registered Output Ports              ; 0    ; 28               ; 45                             ; 0                              ;
;                                             ;      ;                  ;                                ;                                ;
; Port Connectivity                           ;      ;                  ;                                ;                                ;
;     -- Input Ports driven by GND            ; 0    ; 1                ; 36                             ; 0                              ;
;     -- Output Ports driven by GND           ; 0    ; 1                ; 0                              ; 0                              ;
;     -- Input Ports driven by VCC            ; 0    ; 0                ; 0                              ; 0                              ;
;     -- Output Ports driven by VCC           ; 0    ; 0                ; 0                              ; 0                              ;
;     -- Input Ports with no Source           ; 0    ; 1                ; 35                             ; 0                              ;
;     -- Output Ports with no Source          ; 0    ; 0                ; 0                              ; 0                              ;
;     -- Input Ports with no Fanout           ; 0    ; 2                ; 40                             ; 0                              ;
;     -- Output Ports with no Fanout          ; 0    ; 15               ; 45                             ; 0                              ;
+---------------------------------------------+------+------------------+--------------------------------+--------------------------------+
Note: Resource usage numbers presented for Partitions containing post-synthesis logic are estimates.  For Partitions containing post-fit logic, resource usage numbers are accurate based on previous placement information.  Actual Fitter results may vary depending on current Fitter Preservation Level assignments.


+-----------------------------------------------------------------------------------------------------------------------+
; Partition Merge Partition Pin Processing                                                                              ;
+-----------------------------------+-----------+---------------+----------+--------------------------------------------+
; Name                              ; Partition ; Type          ; Location ; Status                                     ;
+-----------------------------------+-----------+---------------+----------+--------------------------------------------+
; altera_reserved_tck               ; Top       ; Input Port    ; n/a      ;                                            ;
;     -- altera_reserved_tck        ; Top       ; Input Pad     ; Unplaced ; Synthesized                                ;
;     -- altera_reserved_tck~input  ; Top       ; Input Buffer  ; Unplaced ; Synthesized                                ;
;                                   ;           ;               ;          ;                                            ;
; altera_reserved_tdi               ; Top       ; Input Port    ; n/a      ;                                            ;
;     -- altera_reserved_tdi        ; Top       ; Input Pad     ; Unplaced ; Synthesized                                ;
;     -- altera_reserved_tdi~input  ; Top       ; Input Buffer  ; Unplaced ; Synthesized                                ;
;                                   ;           ;               ;          ;                                            ;
; altera_reserved_tdo               ; Top       ; Output Port   ; n/a      ;                                            ;
;     -- altera_reserved_tdo        ; Top       ; Output Pad    ; Unplaced ; Synthesized                                ;
;     -- altera_reserved_tdo~output ; Top       ; Output Buffer ; Unplaced ; Synthesized                                ;
;                                   ;           ;               ;          ;                                            ;
; altera_reserved_tms               ; Top       ; Input Port    ; n/a      ;                                            ;
;     -- altera_reserved_tms        ; Top       ; Input Pad     ; Unplaced ; Synthesized                                ;
;     -- altera_reserved_tms~input  ; Top       ; Input Buffer  ; Unplaced ; Synthesized                                ;
;                                   ;           ;               ;          ;                                            ;
; clk                               ; Top       ; Input Port    ; n/a      ;                                            ;
;     -- clk                        ; Top       ; Input Pad     ; Unplaced ; Synthesized                                ;
;     -- clk~input                  ; Top       ; Input Buffer  ; Unplaced ; Synthesized                                ;
;                                   ;           ;               ;          ;                                            ;
; finish                            ; Top       ; Output Port   ; n/a      ;                                            ;
;     -- finish                     ; Top       ; Output Pad    ; Unplaced ; Synthesized                                ;
;     -- finish~output              ; Top       ; Output Buffer ; Unplaced ; Synthesized                                ;
;                                   ;           ;               ;          ;                                            ;
; rst                               ; Top       ; Input Port    ; n/a      ;                                            ;
;     -- rst                        ; Top       ; Input Pad     ; Unplaced ; Synthesized                                ;
;     -- rst~input                  ; Top       ; Input Buffer  ; Unplaced ; Synthesized                                ;
;                                   ;           ;               ;          ;                                            ;
; scl                               ; Top       ; Output Port   ; n/a      ;                                            ;
;     -- scl                        ; Top       ; Output Pad    ; Unplaced ; Synthesized                                ;
;     -- scl~output                 ; Top       ; Output Buffer ; Unplaced ; Synthesized                                ;
;                                   ;           ;               ;          ;                                            ;
; sda                               ; Top       ; Bidir Port    ; n/a      ;                                            ;
;     -- sda                        ; Top       ; Bidir Pad     ; Unplaced ; Synthesized                                ;
;     -- sda~output                 ; Top       ; Output Buffer ; Unplaced ; Preserved from Synthesis Netlist (WYSIWYG) ;
;                                   ;           ;               ;          ;                                            ;
; tx                                ; Top       ; Output Port   ; n/a      ;                                            ;
;     -- tx                         ; Top       ; Output Pad    ; Unplaced ; Synthesized                                ;
;     -- tx~output                  ; Top       ; Output Buffer ; Unplaced ; Synthesized                                ;
;                                   ;           ;               ;          ;                                            ;
+-----------------------------------+-----------+---------------+----------+--------------------------------------------+


+---------------------------------------------------------+
; Partition Merge Resource Usage Summary                  ;
+---------------------------------------------+-----------+
; Resource                                    ; Usage     ;
+---------------------------------------------+-----------+
; Estimated Total logic elements              ; 1,160     ;
;                                             ;           ;
; Total combinational functions               ; 766       ;
; Logic element usage by number of LUT inputs ;           ;
;     -- 4 input functions                    ; 336       ;
;     -- 3 input functions                    ; 190       ;
;     -- <=2 input functions                  ; 240       ;
;                                             ;           ;
; Logic elements by mode                      ;           ;
;     -- normal mode                          ; 622       ;
;     -- arithmetic mode                      ; 144       ;
;                                             ;           ;
; Total registers                             ; 847       ;
;     -- Dedicated logic registers            ; 847       ;
;     -- I/O registers                        ; 0         ;
;                                             ;           ;
; I/O pins                                    ; 6         ;
; Total memory bits                           ; 180224    ;
; Embedded Multiplier 9-bit elements          ; 0         ;
; Maximum fan-out node                        ; clk~input ;
; Maximum fan-out                             ; 470       ;
; Total fan-out                               ; 5758      ;
; Average fan-out                             ; 3.47      ;
+---------------------------------------------+-----------+


+-------------------------------------------------------------------------------------------------------------------------------------------------------------------------------------------------------------------------------------------------------------------------------------------------------------+
; Partition Merge RAM Summary                                                                                                                                                                                                                                                                                 ;
+-------------------------------------------------------------------------------------------------------------------------------------------------------------------------------------------------------+------+------------------+--------------+--------------+--------------+--------------+--------+------+
; Name                                                                                                                                                                                                  ; Type ; Mode             ; Port A Depth ; Port A Width ; Port B Depth ; Port B Width ; Size   ; MIF  ;
+-------------------------------------------------------------------------------------------------------------------------------------------------------------------------------------------------------+------+------------------+--------------+--------------+--------------+--------------+--------+------+
; sld_signaltap:auto_signaltap_0|sld_signaltap_impl:sld_signaltap_body|sld_signaltap_implb:sld_signaltap_body|altsyncram:\stp_non_zero_ram_gen:stp_buffer_ram|altsyncram_2124:auto_generated|ALTSYNCRAM ; AUTO ; Simple Dual Port ; 8192         ; 22           ; 8192         ; 22           ; 180224 ; None ;
+-------------------------------------------------------------------------------------------------------------------------------------------------------------------------------------------------------+------+------------------+--------------+--------------+--------------+--------------+--------+------+


+--------------------------+
; Partition Merge Messages ;
+--------------------------+
Info: *******************************************************************
Info: Running Quartus II 64-Bit Partition Merge
    Info: Version 13.1.0 Build 162 10/23/2013 SJ Full Version
    Info: Processing started: Sat Apr 13 15:17:30 2019
Info: Command: quartus_cdb --read_settings_files=off --write_settings_files=off GY521 -c GY521 --merge=on
Warning (35010): Previously generated Fitter netlist for partition "Top" is older than current Synthesis netlist -- using the current Synthesis netlist instead to ensure that the latest source changes are included
    Info (35011): Set the option to Ignore source file changes to force the Quartus II software to always use a previously generated Fitter netlist
Info (35007): Using synthesis netlist for partition "Top"
Info (35007): Using synthesis netlist for partition "sld_hub:auto_hub"
Info (35007): Using synthesis netlist for partition "sld_signaltap:auto_signaltap_0"
Critical Warning (35025): Partially connected in-system debug instance "auto_signaltap_0" to 9 of its 45 required data inputs, trigger inputs, acquisition clocks, and dynamic pins.  There were 0 illegal, 0 inaccessible, and 36 missing sources or connections.
Info (35002): Resolved and merged 3 partition(s)
Info (16010): Generating hard_block partition "hard_block:auto_generated_inst"
    Info (16011): Adding 0 node(s), including 0 DDIO, 0 PLL, 0 transceiver and 0 LCELL
Info (21057): Implemented 1214 device resources after synthesis - the final resource count might be different
    Info (21058): Implemented 5 input pins
    Info (21059): Implemented 4 output pins
    Info (21060): Implemented 1 bidirectional pins
    Info (21061): Implemented 1181 logic cells
    Info (21064): Implemented 22 RAM segments
Info: Quartus II 64-Bit Partition Merge was successful. 0 errors, 2 warnings
    Info: Peak virtual memory: 4668 megabytes
    Info: Processing ended: Sat Apr 13 15:17:32 2019
    Info: Elapsed time: 00:00:02
    Info: Total CPU time (on all processors): 00:00:02


